[ic7_iter003_iter015_markowitz_intra_primary] starting (CUMULATIVE_N_TRIALS=16); composing iter 003 (connors_rsi2_sma200_filter) + iter 015 (dxy_sma_slope_falling_200_20_long_only) at full-sample Markowitz tangency weights.
  declared_primary=xauusd_intraday, declared_corroborating=['gld_long', 'xauusd_real'], declared_hold_track=medium_swing ((10.0, 30.0)d)

=== Stage 3 — composition per dataset ===

--- gld_long ---
  rho=+0.1698; S_015=+0.2403, S_003=+0.2986
  weights: w_015=+0.2228, w_003=+0.7772 (clamped=False)
  combined: Sharpe=+0.3553 (bench +0.6844, Δ -0.3291), CAGR=+1.5277% (bench +11.3180%), MDD=16.5438% (bench 45.5600%), DSR p=0.5619, gates=4/7
  hold (OR-indicator): mean_hold=43.37d, n_runs=49, p_active=0.395

--- xauusd_real ---
  rho=+0.2176; S_015=+0.3224, S_003=+0.1925
  weights: w_015=+0.4024, w_003=+0.5976 (clamped=False)
  combined: Sharpe=+0.3460 (bench +1.0382, Δ -0.6922), CAGR=+1.9207% (bench +19.9280%), MDD=12.7762% (bench 20.3600%), DSR p=0.8113, gates=4/7
  hold (OR-indicator): mean_hold=37.95d, n_runs=21, p_active=0.469

--- xauusd_intraday ---
  rho=+0.2202; S_015=+0.3407, S_003=+0.2417
  weights: w_015=+0.3351, w_003=+0.6649 (clamped=False)
  combined: Sharpe=+0.3812 (bench +1.1028, Δ -0.7216), CAGR=+1.9197% (bench +20.1950%), MDD=12.0005% (bench 24.4200%), DSR p=0.7844, gates=4/7
  hold (OR-indicator): mean_hold=37.90d, n_runs=21, p_active=0.468

=== SCORE (v2) ===
total = 35/100, tier = NEAR_FAIL, winner_conds_met = False, hold_gate_pass = False (observed mean 37.90d on xauusd_intraday; declared bucket medium_swing 10.0-30.0d), is_winner = False

=== KILL CRITERIA ===
primary_dsr_p = 0.7844, gld_dsr_p = 0.5619; DSR_no_progress_kill = True
primary_sharpe = 0.3812; sharpe_ceiling_confirmed (< 0.50) = True
primary_rho = +0.2202; correlation_drift_kill (|ρ|>0.20) = True

wrote /tmp/ai-trade-gold-swing/studies/gold_swing_loop/iterations/016-2026-04-26-1847-ic7-rsi2sma200-dxytrend/results.json
wrote /tmp/ai-trade-gold-swing/studies/gold_swing_loop/iterations/016-2026-04-26-1847-ic7-rsi2sma200-dxytrend/verdict.json
