[dxy_sma_slope_falling_200_20_long_only] starting (CUMULATIVE_N_TRIALS=15, SMA_WINDOW=200, SLOPE_LOOKBACK=20)
  DTWEXBGS cache: 5087 bars, 2006-01-02 → 2026-04-17, min=85.47, max=130.04, mean=106.18

=== Stage 3a — pre-validation per dataset ===
  gld_long           p_active=0.360 (1940/5384 bars), μ=+3.700bps/bar, flips=31 → ✓ (passed all conditions)
  xauusd_real        p_active=0.428 (727/1700 bars), μ=+3.958bps/bar, flips=11 → ✓ (passed all conditions)
  xauusd_intraday    p_active=0.428 (13786/32195 bars), μ=+0.208bps/bar, flips=11 → ✓ (passed all conditions)

  → 3/3 datasets pass pre-val gate

=== Stage 3b — full 3-dataset backtest (Track A primary) ===

--- gld_long (1d) ---
  Track A: Sharpe=+0.2403 (bench +0.6844, Δ -0.4441), CAGR=+2.0867% (bench +11.3180%), MDD=50.7215% (bench 45.5600%), mean_hold=121.25d, n_trades=16, gates=4/7
  Per-trade attribution: gross=+533.87bps, cost=+172.19bps, net=+361.69bps
  Track B: Sharpe=+0.1438, CAGR=+0.9873%, MDD=53.7752%

--- xauusd_real (1d) ---
  Track A: Sharpe=+0.3225 (bench +1.0382, Δ -0.7157), CAGR=+3.3854% (bench +19.9280%), MDD=20.6863% (bench 20.3600%), mean_hold=121.17d, n_trades=6, gates=4/7
  Per-trade attribution: gross=+557.88bps, cost=+130.00bps, net=+427.88bps
  Track B: Sharpe=+0.2012, CAGR=+1.8335%, MDD=22.8350%

--- xauusd_intraday (1h) ---
  Track A: Sharpe=+0.3559 (bench +1.1028, Δ -0.7469), CAGR=+3.6347% (bench +20.1950%), MDD=24.6861% (bench 24.4200%), mean_hold=113.11d, n_trades=6, gates=4/7
  Per-trade attribution: gross=+554.21bps, cost=+103.13bps, net=+451.08bps
  Track B: Track B not viable on intraday (T+1 settlement; daily-only)

=== IC-7 correlation diagnostic ===
  gld_long           vs_iter_003  ρ = +0.170 (n=5384)
  gld_long           vs_iter_011  ρ = +0.433 (n=5384)
  gld_long           vs_iter_013  ρ = +0.429 (n=5384)
  gld_long           vs_iter_014  ρ = +0.513 (n=5384)
  xauusd_real        vs_iter_003  ρ = +0.218 (n=1700)
  xauusd_real        vs_iter_011  ρ = +0.363 (n=1700)
  xauusd_real        vs_iter_013  ρ = +0.343 (n=1700)
  xauusd_real        vs_iter_014  ρ = +0.382 (n=1700)
  xauusd_intraday    vs_iter_003  ρ = -0.065 (n=1401)
  xauusd_intraday    vs_iter_011  ρ = +0.275 (n=32195)
  xauusd_intraday    vs_iter_013  ρ = +0.267 (n=32195)
  xauusd_intraday    vs_iter_014  ρ = +0.377 (n=32195)

=== SCORE ===
total = 17/100, tier = FAIL, winner_conds_met = False, hold_gate_pass = False (mean 113.11d on xauusd_intraday), is_winner = False

=== HYPOTHESIS KILL CRITERIA ===
Sharpes (Track A net): {'gld_long': 0.24030718598190934, 'xauusd_real': 0.3225128352867058, 'xauusd_intraday': 0.35587664926772467}
primary_neg (xauusd_intraday): False, n_neg=0/3, sharpe_kill = False
gld_long Sh < 0.30 (family broken): True (Sh=0.240)
xauusd both Δ < 0 (gld-only edge): True
gld_long n_trades collapse < 5: False (n_trades=16)

wrote /tmp/ai-trade-gold-swing/studies/gold_swing_loop/iterations/015-2026-04-26-1455-dxy-sma-slope-trend-gate/results.json
wrote /tmp/ai-trade-gold-swing/studies/gold_swing_loop/iterations/015-2026-04-26-1455-dxy-sma-slope-trend-gate/verdict.json
